// Jest Snapshot v1, https://goo.gl/fbAQLP

exports[`Confirm matches snapshot for personal signature type 1`] = `
<div>
  <div
    class="mm-box multichain-page mm-box--display-flex mm-box--flex-direction-row mm-box--justify-content-center mm-box--width-full mm-box--height-full mm-box--background-color-background-alternative"
  >
    <div
      class="mm-box multichain-page__inner-container mm-box--display-flex mm-box--flex-direction-column mm-box--width-full mm-box--height-full mm-box--background-color-background-alternative"
    >
      <h2
        class="mm-box mm-text mm-text--heading-lg mm-text--text-align-center mm-box--padding-top-4 mm-box--padding-bottom-2 mm-box--color-text-default"
      >
        Signature request
      </h2>
      <p
        class="mm-box mm-text mm-text--body-md mm-text--text-align-center mm-box--padding-bottom-4 mm-box--color-text-alternative"
      >
        Only sign this message if you fully understand the content and trust the requesting site
      </p>
      <div
        class="mm-box mm-box--width-full mm-box--height-full"
        style="min-height: 0; position: relative;"
      >
        <div
          class="mm-box mm-box--padding-4 mm-box--display-flex mm-box--flex-direction-column mm-box--width-full mm-box--height-full"
          style="overflow: auto;"
        >
          Lorem ipsum dolor sit amet, consectetur adipiscing elit. Donec vel suscipit tortor. Curabitur vulputate felis nibh, vel pellentesque erat fermentum eget. Duis id turpis cursus, blandit magna sit amet, tempor sem. Orci varius natoque penatibus et magnis dis parturient montes, nascetur ridiculus mus. Maecenas ex nulla, suscipit id eros in, elementum lacinia leo. Etiam dignissim neque vitae nibh pretium, sed egestas est mollis. Nam venenatis tellus sed tempor bibendum. Phasellus sodales quam nec enim imperdiet, non dignissim ipsum maximus. Suspendisse tempor vestibulum nisl, vel congue est semper ac. Class aptent taciti sociosqu ad litora torquent per conubia nostra, per inceptos himenaeos. Praesent mattis lorem lectus, sit amet suscipit elit egestas nec. Nam rhoncus eleifend velit, sed rhoncus enim porttitor at. Nam eget leo ut purus pulvinar sodales. Nullam ornare euismod dignissim. Duis blandit commodo viverra. Lorem ipsum dolor sit amet, consectetur adipiscing elit. Donec vel suscipit tortor. Curabitur vulputate felis nibh, vel pellentesque erat fermentum eget. Duis id turpis cursus, blandit magna sit amet, tempor sem. Orci varius natoque penatibus et magnis dis parturient montes, nascetur ridiculus mus. Maecenas ex nulla, suscipit id eros in, elementum lacinia leo. Etiam dignissim neque vitae nibh pretium, sed egestas est mollis. Nam venenatis tellus sed tempor bibendum. Phasellus sodales quam nec enim imperdiet, non dignissim ipsum maximus. Suspendisse tempor vestibulum nisl, vel congue est semper ac. Class aptent taciti sociosqu ad litora torquent per conubia nostra, per inceptos himenaeos. Praesent mattis lorem lectus, sit amet suscipit elit egestas nec. Nam rhoncus eleifend velit, sed rhoncus enim porttitor at. Nam eget leo ut purus pulvinar sodales. Nullam ornare euismod dignissim. Duis blandit commodo viverra. Lorem ipsum dolor sit amet, consectetur adipiscing elit. Donec vel suscipit tortor. Curabitur vulputate felis nibh, vel pellentesque erat fermentum eget. Duis id turpis cursus, blandit magna sit amet, tempor sem. Orci varius natoque penatibus et magnis dis parturient montes, nascetur ridiculus mus. Maecenas ex nulla, suscipit id eros in, elementum lacinia leo. Etiam dignissim neque vitae nibh pretium, sed egestas est mollis. Nam venenatis tellus sed tempor bibendum. Phasellus sodales quam nec enim imperdiet, non dignissim ipsum maximus. Suspendisse tempor vestibulum nisl, vel congue est semper ac. Class aptent taciti sociosqu ad litora torquent per conubia nostra, per inceptos himenaeos. Praesent mattis lorem lectus, sit amet suscipit elit egestas nec. Nam rhoncus eleifend velit, sed rhoncus enim porttitor at. Nam eget leo ut purus pulvinar sodales. Nullam ornare euismod dignissim. Duis blandit commodo viverra.
        </div>
      </div>
      <div
        class="mm-box mm-box--padding-4 mm-box--display-flex mm-box--gap-4 mm-box--flex-direction-row mm-box--width-full"
      >
        <button
          class="mm-box mm-text mm-button-base mm-button-base--size-lg mm-button-base--block mm-button-secondary mm-text--body-md-medium mm-box--padding-0 mm-box--padding-right-4 mm-box--padding-left-4 mm-box--display-inline-flex mm-box--justify-content-center mm-box--align-items-center mm-box--color-primary-default mm-box--background-color-transparent mm-box--rounded-pill mm-box--border-color-primary-default box--border-style-solid box--border-width-1"
          data-testid="confirm-footer-cancel-button"
        >
          Cancel
        </button>
        <button
          class="mm-box mm-text mm-button-base mm-button-base--size-lg mm-button-base--block mm-button-primary mm-text--body-md-medium mm-box--padding-0 mm-box--padding-right-4 mm-box--padding-left-4 mm-box--display-inline-flex mm-box--justify-content-center mm-box--align-items-center mm-box--color-primary-inverse mm-box--background-color-primary-default mm-box--rounded-pill"
          data-testid="confirm-footer-confirm-button"
        >
          Confirm
        </button>
      </div>
    </div>
  </div>
</div>
`;
